// Jest Snapshot v1, https://goo.gl/fbAQLP

exports[`renders nothing when there is no shipment 1`] = `<div />`;

exports[`renders shipment details when there is a shipment 1`] = `
<div
  aria-hidden="true"
  data-aria-hidden="true"
/>
`;
